╭────────────────────╮ ╭────────────────────╮ ╭────────────────────╮ ╭────────────────────╮
│ PLAYERS            │ │ FLEET CPU          │ │ FLEET MEM          │ │ ATTENTION        a │
│ 1                  │ │ 0%                 │ │ 0 B                │ │ 0                  │
│                    │ │                    │ │                    │ │                    │
│                    │ │                    │ │                    │ │ 1 crash            │
╰────────────────────╯ ╰────────────────────╯ ╰────────────────────╯ ╰────────────────────╯
╭──────────────────────────────────────────────────────────────────────────────────────────────────────────────────────╮
│ SERVERS                                                           u start · S stop · r restart · b backup · U update │
│   NAME             GAME      STATE       PLYR    CPU       MEM  UPTIME PORTS / TASK                                  │
│ ▌ palworld-sat     palworld  ✕ crashed      —      —         —       — OOM killed                                    │
│   valheim-huldra   valheim   ● running      0      —         —  2d 11h 2456/udp                                      │
│   zomboid-main     zomboid   ● running      1      —         —  6d 04h 16261/udp                                     │
│   zomboid-testing  zomboid   ○ stopped      —      —         —       — exit 0                                        │
╰──────────────────────────────────────────────────────────────────────────────────────────────────────────────────────╯
╭──────────────────────────────────────────────────────────╮ ╭─────────────────────────────────────────────────────────╮
│ ATTENTION                                          a ack │ │ ACTIVITY                                    all servers │
│ ✕ palworld-sat — OOM killed                              │ │        20:47 ← Huldra left                  zomboid-ma… │
│                                                          │ │        18:07 " <Huldra> anyone seen the bo… zomboid-ma… │
│                                                          │ │    Tue 21:07 → Huldra joined                zomboid-ma… │
│                                                          │ │    Mon 21:07 ✕ mod exploded                 zomboid-ma… │
│                                                          │ │                                                         │
│                                                          │ │                                                         │
│                                                          │ │                                                         │
│                                                          │ │                                                         │
│                                                          │ │                                                         │
│                                                          │ │                                                         │
│                                                          │ │                                                         │
│                                                          │ │                                                         │
│ ──────────────────────────────────────────────────────── │ │                                                         │
│ HOST                                                     │ │                                                         │
│ npipe · healthy                                          │ │                                                         │
╰──────────────────────────────────────────────────────────╯ ╰─────────────────────────────────────────────────────────╯
