╭ PLAYERS ───────────╮ ╭ FLEET CPU ─────────╮ ╭ FLEET MEM ─────────╮ ╭ ATTENTION ────── a ╮
│0                   │ │0%                  │ │0 B                 │ │1                   │
│                    │ │                    │ │                    │ │                    │
│                    │ │                    │ │                    │ │all clear           │
╰────────────────────╯ ╰────────────────────╯ ╰────────────────────╯ ╰────────────────────╯
╭ SERVERS ───────────────────────────────────────────────────── u start · S stop · ↑↓ move ╮
│  NAME             GAME      STATE       PLYR    CPU       MEM  UPTIME PORTS / TASK       │
│▌ palworld-sat     palworld  ? unknown      —      —         —       — engine unreachable │
│  valheim-huldra   valheim   ? unknown      —      —         —       — engine unreachable │
│  zomboid-main     zomboid   ? unknown      —      —         —       — engine unreachable │
│  zomboid-testing  zomboid   ? unknown      —      —         —       — engine unreachable │
╰──────────────────────────────────────────────────────────────────────────────────────────╯
╭ ATTENTION ────────────────────────── a ack ╮ ╭ ACTIVITY ──────────────────── all servers ╮
│✕ docker unreachable: cannot connect to the…│ │Nothing yet.                               │
│                                            │ │                                           │
│                                            │ │                                           │
│                                            │ │                                           │
│                                            │ │                                           │
│                                            │ │                                           │
│                                            │ │                                           │
│                                            │ │                                           │
│                                            │ │                                           │
│                                            │ │                                           │
│                                            │ │                                           │
│                                            │ │                                           │
│────────────────────────────────────────────│ │                                           │
│HOST                                        │ │                                           │
│npipe · unreachable                         │ │                                           │
│                                            │ │                                           │
╰────────────────────────────────────────────╯ ╰───────────────────────────────────────────╯
