╭────────────────────╮ ╭────────────────────╮ ╭────────────────────╮ ╭────────────────────╮
│ PLAYERS            │ │ FLEET CPU          │ │ FLEET MEM          │ │ ATTENTION        a │
│ 0                  │ │ 0%                 │ │ 0 B                │ │ 1                  │
│                    │ │                    │ │                    │ │                    │
│                    │ │                    │ │                    │ │ all clear          │
╰────────────────────╯ ╰────────────────────╯ ╰────────────────────╯ ╰────────────────────╯
╭──────────────────────────────────────────────────────────────────────────────────────────╮
│ SERVERS                                                       u start · S stop · ↑↓ move │
│   NAME             GAME      STATE       PLYR    CPU       MEM  UPTIME PORTS / TASK      │
│ ▌ palworld-sat     palworld  ? unknown      —      —         —       — engine unreachab… │
│   valheim-huldra   valheim   ? unknown      —      —         —       — engine unreachab… │
│   zomboid-main     zomboid   ? unknown      —      —         —       — engine unreachab… │
│   zomboid-testing  zomboid   ? unknown      —      —         —       — engine unreachab… │
╰──────────────────────────────────────────────────────────────────────────────────────────╯
╭────────────────────────────────────────────╮ ╭───────────────────────────────────────────╮
│ ATTENTION                            a ack │ │ ACTIVITY                      all servers │
│ ✕ docker unreachable: cannot connect to t… │ │ Nothing yet.                              │
│                                            │ │                                           │
│                                            │ │                                           │
│                                            │ │                                           │
│                                            │ │                                           │
│                                            │ │                                           │
│                                            │ │                                           │
│                                            │ │                                           │
│                                            │ │                                           │
│                                            │ │                                           │
│                                            │ │                                           │
│                                            │ │                                           │
│ ────────────────────────────────────────── │ │                                           │
│ HOST                                       │ │                                           │
│ npipe · unreachable                        │ │                                           │
╰────────────────────────────────────────────╯ ╰───────────────────────────────────────────╯
