PLAYERS 0  ·  FLEET CPU 0%  ·  FLEET MEM 0 B  ·  ATTENTION 0
╭──────────────────────────────────────────────────────────────────────────────╮
│ SERVERS                   u start · S stop · r restart · b backup · U update │
│   NAME             STATE       PLYR    CPU       MEM  UPTIME PORTS / TASK    │
│ ▌ factorio-main    ✕ crashed      —      —         —       — OOM killed      │
│   valheim-huldra   ● running      0      —         —  2d 11h 2456/udp        │
│   zomboid-main     ● running      0      —         —  6d 04h 16261/udp       │
│   zomboid-testing  ○ stopped      —      —         —       — exit 0          │
╰──────────────────────────────────────────────────────────────────────────────╯
╭──────────────────────────────────────╮ ╭─────────────────────────────────────╮
│ ATTENTION                      a ack │ │ ACTIVITY                all servers │
│ ✕ factorio-main — OOM killed         │ │ Nothing yet.                        │
│                                      │ │                                     │
│ ──────────────────────────────────── │ │                                     │
│ HOST                                 │ │                                     │
│ npipe · healthy                      │ │                                     │
╰──────────────────────────────────────╯ ╰─────────────────────────────────────╯
