╭────────────────────╮ ╭────────────────────╮ ╭────────────────────╮ ╭────────────────────╮
│ PLAYERS            │ │ FLEET CPU          │ │ FLEET MEM          │ │ ATTENTION        a │
│ 0                  │ │ 0%                 │ │ 0 B                │ │ 0                  │
│                    │ │                    │ │                    │ │                    │
│                    │ │                    │ │                    │ │ 1 crash            │
╰────────────────────╯ ╰────────────────────╯ ╰────────────────────╯ ╰────────────────────╯
╭──────────────────────────────────────────────────────────────────────────────────────────╮
│ SERVERS                                                       u start · S stop · ↑↓ move │
│   NAME             GAME      STATE       PLYR    CPU       MEM  UPTIME PORTS / TASK      │
│ ▌ palworld-sat     palworld  ✕ crashed      —      —         —       — OOM killed        │
│   valheim-huldra   valheim   ● running      0      —         —  2d 11h 2456/udp          │
│   zomboid-main     zomboid   ● running      0      —         —  6d 04h stopping… up to … │
│   zomboid-testing  zomboid   ○ stopped      —      —         —       — exit 0            │
╰──────────────────────────────────────────────────────────────────────────────────────────╯
╭────────────────────────────────────────────╮ ╭───────────────────────────────────────────╮
│ ATTENTION                            a ack │ │ ACTIVITY                      all servers │
│ ✕ palworld-sat — OOM killed                │ │ Nothing yet.                              │
│                                            │ │                                           │
│                                            │ │                                           │
│                                            │ │                                           │
│                                            │ │                                           │
│                                            │ │                                           │
│                                            │ │                                           │
│                                            │ │                                           │
│                                            │ │                                           │
│                                            │ │                                           │
│                                            │ │                                           │
│                                            │ │                                           │
│ ────────────────────────────────────────── │ │                                           │
│ HOST                                       │ │                                           │
│ npipe · healthy                            │ │                                           │
╰────────────────────────────────────────────╯ ╰───────────────────────────────────────────╯
