╭──────────────────────────────────────────────────────────────────────────────────────────╮
│ ONLINE NOW                                                                valheim-huldra │
│ Huldra                  on for 1h 30m     76561198000000001                              │
│ Bjorn                   on for 20m        76561198000000002                              │
╰──────────────────────────────────────────────────────────────────────────────────────────╯
╭──────────────────────────────────────────────────────────────────────────────────────────╮
│ OCCUPANCY BY HOUR                                                    7 days · local time │
│ ▁▁▁▁▁▁▁▁▁▁▁▁▁▁▁▁▁▁▁▃▇█▅▁                                                                 │
│ 0     6     12    18                                                                     │
│ quietest 00:00 · busiest 21:00 · peak 1.3                                                │
╰──────────────────────────────────────────────────────────────────────────────────────────╯
╭──────────────────────────────────────────────────────────────────────────────────────────╮
│ SESSIONS                                                  4 sessions · 3 people · 7 days │
│ Huldra                     Tue 20:00  3h 00m                                             │
│ Bjorn                      Tue 20:00  2h 00m                                             │
│ Huldra                     Mon 19:00  4h 00m                                             │
│ Sif                        Sun 21:00  1h 00m                                             │
╰──────────────────────────────────────────────────────────────────────────────────────────╯