╭──────────────────────────────────────────────────────────────────────────────╮
│ ONLINE NOW                                                    valheim-huldra │
│ Huldra                  on for 1h 30m     76561198000000001                  │
╰──────────────────────────────────────────────────────────────────────────────╯
╭──────────────────────────────────────────────────────────────────────────────╮
│ OCCUPANCY BY HOUR                                        7 days · local time │
│ ▁▁▁▁▁▁▁▁▁▁▁▁▁▁▁▁▁▁▁▁██▅▁                                                     │
│ 0     6     12    18                                                         │
│ quietest 00:00 · busiest 20:00 · peak 1.9                                    │
╰──────────────────────────────────────────────────────────────────────────────╯
╭──────────────────────────────────────────────────────────────────────────────╮
│ SESSIONS                                      2 sessions · 2 people · 7 days │
│ Huldra                     Tue 20:00  3h 00m                                 │
│ Bjorn                      Tue 20:00  2h 00m                                 │
╰──────────────────────────────────────────────────────────────────────────────╯