╭──────────────────────────────────────────────────────────────────────────────────────────╮
│ BACKUPS                                                                   valheim-huldra │
│ No backups yet. b takes one now.                                                         │
╰──────────────────────────────────────────────────────────────────────────────────────────╯
b back up now