╭──────────────────────────────────────────────────────────────────────────────╮
│ BACKUPS                                valheim-huldra · 3 archives · 6.0 MiB │
│ ▌ 2026-09-09 14:07     3.0 MiB  2h 00m ago  2026-09-09T0300.tar.zst          │
│   2026-09-08 14:07     2.0 MiB  1d 02h ago  2026-09-08T0300.tar.zst          │
│   2026-09-07 14:07     1.0 MiB  2d 02h ago  2026-09-07T0300.tar.zst          │
╰──────────────────────────────────────────────────────────────────────────────╯
b back up now · B restore the selected archive