╭──────────────────────────────────────────────────────────────────────────────────────────╮
│ CONSOLE                                                valheim-huldra · filter: problems │
│ ── Today · Wed 9 Sep                                                                     │
│ 21:07 ✕ mod exploded                                                                     │
╰──────────────────────────────────────────────────────────────────────────────────────────╯
> Valheim has no command channel — nothing to send commands over.