╭──────────────────────────────────────────────────────────────────────────────╮
│ CONSOLE                                                       valheim-huldra │
│ ── Today · Wed 9 Sep                                                         │
│ 21:07 → Huldra joined                                                        │
│ 21:07 " <Huldra> anyone seen the boat                                        │
│ 21:07 ✕ a rather long error message that will not fit in eighty columns      │
╰──────────────────────────────────────────────────────────────────────────────╯
> Valheim has no command channel — nothing to send commands over.