╭────────────────╮ ╭───────────────────────────────────────────────────────────────────────╮
│ GROUPS         │ │ IDENTITY                                      typing · enter/esc done │
│ ▌ Identity     │ │ ▌ Server name             Huldra              recreate                │
│   Access       │ │     Shown in the server browser. Defaults to the instance name.       │
│   World        │ │   World name              —                   WIPE RISK               │
│   Rules        │ ╰───────────────────────────────────────────────────────────────────────╯
╰────────────────╯                                                                          
No unapplied changes.