╭────────────────╮ ╭───────────────────────────────────────────────────────────────────────╮
│ GROUPS         │ │ IDENTITY                                      space toggle · ± adjust │
│ ▌ Identity     │ │   • Server name           Second Huldra       recreate                │
│   Access       │ │   World name              Huldra              WIPE RISK               │
╰────────────────╯ ╰───────────────────────────────────────────────────────────────────────╯
1 unapplied change  ·  applying will recreate the container  ·  D discard