╭────────────────╮ ╭───────────────────────────────────────────────────────────────────────╮
│ GROUPS         │ │ IDENTITY                                      space toggle · ± adjust │
│ ▌ Identity     │ │   Server name             Huldra              recreate                │
│   Access       │ │ ▌ World name              —                   WIPE RISK               │
╰────────────────╯ │     Names the save files on disk. Changing it starts a new world rat… │
                   ╰───────────────────────────────────────────────────────────────────────╯
No unapplied changes.