╭────────────────╮ ╭───────────────────────────────────────────────────────────────────────╮
│ GROUPS         │ │ WORLD                                         space toggle · ± adjust │
│   Identity     │ │ ▌ Combat                  Standard            recreate                │
│   Access       │ │     How hard enemies hit and how hard they are to kill.               │
│ ▌ World        │ │   Death penalty           Casual              recreate                │
│   Rules        │ │   Resource drops          Standard            recreate                │
╰────────────────╯ │   Raids                   Standard            recreate                │
                   │   Portals                 Standard            recreate                │
                   ╰───────────────────────────────────────────────────────────────────────╯
No unapplied changes.