FLEET                    3  STAGE
  All servers            f
✕ factorio-main          —
● valheim-huldra         1
● zomboid-main           —
──────────────────────────
VIEW        valheim-huldra
  Dashboard              1
  Console                2
──────────────────────────
SCHEDULE
  none until M2






 FLEET  3 servers · 2 up · 1 down  1 alert                                           live  ? help  Ctrl+P palette  21:07