valheim-huldra  ● running  1/2 · ←→ to move

CPU                         MEM
11.0%                       3.9 GiB
▁▁▁▁▂▂▁▁▁▇▁▂▂▁▁▁▁▁▂▂▁▁▁▁    ▄▄▄▄▄▄▄▄▄▄▄▄▄▄▄▄▄▄▄▄▄▄▄▄
                            of 8.0 GiB

PLAYERS                     NET I/O
—                           50.8 KiB/s
                            ▁▁▁▁▁▁▁▁▁▁▁▁▁▁▁▁▁▁▁▁▁▁▁▁
from M1 logs


