valheim-huldra  ● running
╭ CPU ───────────────╮ ╭ MEM ───────────────╮ ╭ PLAYERS ───────────╮ ╭ NET I/O ───────────╮
│—                   │ │—                   │ │0                   │ │—                   │
│                    │ │                    │ │                    │ │                    │
│                    │ │                    │ │                    │ │                    │
╰────────────────────╯ ╰────────────────────╯ ╰────────────────────╯ ╰────────────────────╯
