valheim-huldra  ● running  1/2 · ←→ to move
CPU 11.0%  ·  MEM 3.9 GiB  ·  PLAYERS 1  ·  WORLD SAVE 314
╭ CONSOLE ───────────────────────────────────────────────────────────────── valheim-huldra ╮
│Dalinar joined                                                                            │
│world saved in 314ms                                                                      │
│a mod is unhappy  3×                                                                      │
│server ready                                                                              │
╰──────────────────────────────────────────────────────────────────────────────────────────╯