valheim-huldra  ● running  1/2 · ←→ to move

CPU                         MEM                         PLAYERS                     NET I/O
11.0%                       3.9 GiB                     —                           50.8 KiB/s
▁▁▁▁▂▂▁▁▁▇▁▂▂▁▁▁▁▁▂▂▁▁▁▁    ▄▄▄▄▄▄▄▄▄▄▄▄▄▄▄▄▄▄▄▄▄▄▄▄                                ▁▁▁▁▁▁▁▁▁▁▁▁▁▁▁▁▁▁▁▁▁▁▁▁
                            of 8.0 GiB                  from M1 logs


