╭──────────────────────────────────────────────────────────────────────────────────────────╮
│ MODS                                                                          server-one │
│ No mods configured. They are the [[mods]] entries in the server's TOML.                  │
╰──────────────────────────────────────────────────────────────────────────────────────────╯
K / J moves a mod earlier or later — the order is the load order. A applies, which recreate…