╭──────────────────────────────────────────────────────────────────────────────╮
│ MODS                                server-one · 1 mods · load order matters │
│ ▌  1.  2822286426                    2.11.0          Steam Workshop          │
╰──────────────────────────────────────────────────────────────────────────────╯
K / J moves a mod earlier or later — the order is the load order. A applies, wh…