╭──────────────────────────────────────────────────────────────────────────────────────────╮
│ MODS                                            server-one · 3 mods · load order matters │
│ ▌  1.  2822286426                    2.11.0          Steam Workshop                      │
│    2.  2392709985                    latest          Steam Workshop                      │
│    3.  1299328280                    4.0.1           Steam Workshop                      │
╰──────────────────────────────────────────────────────────────────────────────────────────╯
K / J moves a mod earlier or later — the order is the load order. A applies, which recreate…