╭──────────────────────────────────────────────────────────────────────────────────────────╮
│ MODS                                                                 server-one · 2 mods │
│ ▌      ValheimModding-Jotunn         2.19.0          Thunderstore                        │
│        denikson-BepInExPack_Valheim  latest          Thunderstore                        │
╰──────────────────────────────────────────────────────────────────────────────────────────╯
Mods come from the server's TOML. A installs them and recreates the container.